../Core/Src/main.c:171:5:main	32	static
../Core/Src/main.c:275:6:SystemClock_Config	88	static
../Core/Src/main.c:326:13:MX_ADC1_Init	24	static
../Core/Src/main.c:375:13:MX_TIM3_Init	48	static
../Core/Src/main.c:421:13:MX_USART2_UART_Init	8	static
../Core/Src/main.c:450:13:MX_DMA_Init	16	static
../Core/Src/main.c:471:13:MX_GPIO_Init	48	static
../Core/Src/main.c:499:6:SET_EBN	16	static
../Core/Src/main.c:502:6:HAL_ADC_ConvCpltCallback	16	static
../Core/Src/main.c:506:1:__io_putchar	16	static
../Core/Src/main.c:517:6:Error_Handler	4	static,ignoring_inline_asm
